LabVIEWCLI started logging in file:  /tmp/lvtemporary_966530.log
Using LabVIEW: "/usr/local/natinst/LabVIEW-2026-64/labviewprofull"
LabVIEW launched successfully.
Connection established with LabVIEW at port number 3363.

Operation output: 
#### Starting Mass Compile: Wed, Sep 23, 2026 01:46:56 PM
  Directory: "/workspace"
/workspace/.github/labview/PrintToSingleFileHtml/PrintToSingleFileHtml.lvclass (PrintToSingleFileHtml.lvclass)
    - The class expected to be at "/workspace/.github/labview/CoreOperation/CoreOperation.lvclass" was loaded from "/usr/local/natinst/share/nilvcli/Operations/CoreOperation/CoreOperation.lvclass".
Search failed to find "LV AI Core.lvlib:XML generator.vi" previously from "/workspace/.github/labview/toimages/_ni/labview/lvctl/vis/LV AI Core/XML generator.vi"  +=+   Caller: "VI to XML.vi"
  ### Bad VI:    "VI to XML.vi"	Path="/workspace/.github/labview/toimages/_ni/labview/lvctl/vis/VI to XML.vi" 
Search failed to find "LV AI Core.lvlib:VI generator.vi" previously from "/workspace/.github/labview/toimages/_ni/labview/lvctl/vis/LV AI Core/VI generator.vi"  +=+   Caller: "XML to VI.vi"
  ### Bad VI:    "XML to VI.vi"	Path="/workspace/.github/labview/toimages/_ni/labview/lvctl/vis/XML to VI.vi" 
Search failed to find "user32.dll" previously from "user32.dll"  +=+   Caller: "Interaction By Refererence.lvclass:MMI GetAsyncKeyState.vi"
Insane Type Definition(347) in FPHP of "IObject.lvclass:Hit Splitter.vi": {tdname } (0x4000): owner=FrontPanelDataController(397)
insanities in FPHP of /workspace/Dynamic Scaling/Hit Splitter.vi
Insane Type Definition(347) in FPHP of "IContainer.lvclass:Hit Splitter.vi": {tdname } (0x4000): owner=FrontPanelDataController(397)
insanities in FPHP of /workspace/Dynamic Scaling/IContainer/Hit Splitter.vi
Insane Type Definition(347) in FPHP of "Splitter.lvclass:Hit Splitter.vi": {tdname } (0x4000): owner=FrontPanelDataController(397)
insanities in FPHP of /workspace/Dynamic Scaling/IContainer/Divider/Splitter/Hit Splitter.vi
Insane Type Definition(347) in FPHP of "IObject.lvclass:Hit Splitter.vi": {tdname } (0x4000): owner=FrontPanelDataController(397)
insanities in FPHP of /workspace/Dynamic Scaling/Hit Splitter.vi
Insane Type Definition(347) in FPHP of "Splitter.lvclass:Hit Splitter.vi": {tdname } (0x4000): owner=FrontPanelDataController(397)
insanities in FPHP of /workspace/Dynamic Scaling/IContainer/Divider/Splitter/Hit Splitter.vi
Insane Type Definition(347) in FPHP of "IContainer.lvclass:Hit Splitter.vi": {tdname } (0x4000): owner=FrontPanelDataController(397)
insanities in FPHP of /workspace/Dynamic Scaling/IContainer/Hit Splitter.vi
#### Finished Mass Compile: Wed, Sep 23, 2026 01:47:08 PM

MassCompile operation failed.

